HEAD=91437a44 date=2026-09-18T07:42:09+01:00
=== go test ./... -count=1 ===
ok  	websec/assets	0.025s
?   	websec/cmd/webv2	[no test files]
ok  	websec/internal/adapter	0.022s
ok  	websec/internal/archetypes	0.288s
ok  	websec/internal/audit	0.495s
ok  	websec/internal/audit/sections	0.524s
ok  	websec/internal/backtest	6.354s
ok  	websec/internal/boundary	3.313s
ok  	websec/internal/bounty	0.869s
ok  	websec/internal/briefing	1.790s
ok  	websec/internal/capabilities	0.007s
ok  	websec/internal/chainengine	1.365s
ok  	websec/internal/classweights	0.026s
ok  	websec/internal/cli	34.812s
ok  	websec/internal/completion	0.376s
ok  	websec/internal/corpus	0.222s
ok  	websec/internal/costs	0.072s
ok  	websec/internal/coverage	0.150s
ok  	websec/internal/datasets/aderyn	0.012s
ok  	websec/internal/datasets/c4audit	0.029s
ok  	websec/internal/datasets/defihacklabs	0.029s
ok  	websec/internal/datasets/immunefi	0.034s
ok  	websec/internal/datasets/sherlock	0.027s
ok  	websec/internal/datasets/slither	0.009s
ok  	websec/internal/dedup	0.542s
ok  	websec/internal/doctor	0.267s
ok  	websec/internal/economics	0.017s
ok  	websec/internal/envgo	1.209s
ok  	websec/internal/evalscore	0.052s
ok  	websec/internal/evalstore	0.030s
ok  	websec/internal/findings	1.634s
ok  	websec/internal/floors	0.069s
ok  	websec/internal/forkdiff	0.042s
ok  	websec/internal/forkpoc	0.167s
ok  	websec/internal/harness	0.226s
ok  	websec/internal/histmining	0.132s
ok  	websec/internal/immunize	0.679s
ok  	websec/internal/ingest	0.018s
ok  	websec/internal/invariants	0.615s
ok  	websec/internal/jval	0.016s
ok  	websec/internal/learning	0.099s
ok  	websec/internal/maximization	1.028s
ok  	websec/internal/metrics	0.076s
ok  	websec/internal/orchestrator	2.211s
ok  	websec/internal/pipeline	0.724s
ok  	websec/internal/planner	1.259s
ok  	websec/internal/playbooks	0.102s
ok  	websec/internal/pricing	0.024s
ok  	websec/internal/privileged	0.267s
ok  	websec/internal/probes	1.983s
ok  	websec/internal/protocolgraph	0.033s
ok  	websec/internal/relations	0.661s
ok  	websec/internal/report	3.718s
ok  	websec/internal/reproduction	2.099s
ok  	websec/internal/risk	0.159s
ok  	websec/internal/roles	1.003s
ok  	websec/internal/sandbox	51.164s
ok  	websec/internal/sequencepoc	1.054s
ok  	websec/internal/sft	1.194s
ok  	websec/internal/sharedmem	0.915s
ok  	websec/internal/snapshot	0.390s
ok  	websec/internal/solscope	0.002s
ok  	websec/internal/srcclass	0.003s
ok  	websec/internal/state	11.314s
ok  	websec/internal/structidx	0.440s
ok  	websec/internal/taxonomy	0.923s
ok  	websec/internal/textsim	0.003s
ok  	websec/internal/trajectory	0.722s
ok  	websec/internal/validation	0.375s
ok  	websec/internal/validation/fuzz	0.048s
ok  	websec/internal/version	0.003s
ok  	websec/internal/wilson	0.003s
?   	websec/scripts/archive/oq3check-main.go.txt	[no test files]

real	0m53.855s
user	1m48.562s
sys	0m14.884s
GOTEST_EXIT=0
=== go test -race ./internal/state ./internal/cli -count=1 ===
ok  	websec/internal/state	67.804s
ok  	websec/internal/cli	172.856s

real	2m58.751s
user	3m58.191s
sys	0m7.186s
RACE_EXIT=0
=== go vet ./... ===
VET_EXIT=0
=== scripts/golden.sh ===
[surface2] 6 axes carry rows (total 7 emitted), schema required-keys ok
golden run complete: campaign C-34c0ce6f4b (196 steps, Go-only)
  run root: /home/xand/Projects/dsh-plugins/websec2/web3sec-go/.worktrees/production-readiness/.scratch/golden/root
  archived tree: /home/xand/Projects/dsh-plugins/websec2/web3sec-go/.worktrees/production-readiness/.scratch/golden/tree-go
tree: campaign C-34c0ce6f4b well-formed (179 events, chain intact; 99 files archived)
steps: 196 commands (declared nonzero: gate-h1=1, gate-h3=1, prove-learning=1, ladder-disprove-short-reason=2, ladder-disprove-reproduced=2, impact-unpriceable-incomplete=2, answered-structural-refused=2, answered-dismissal-refused=2, answered-dismissal-override-unreasoned=2, env-doctor=1, run=3, complete-short-reason=2, sft-lint-dedup=1, sft-lint-reject=1), 5 with declared output markers
report artifact: Q-016 is on the record as both a flagged dismissal and a logged override
step 07 audit-json: 14 audit sections + ok (ok=True) present
step 105 probes-list-all-json: 6 probe axes alive, states as declared (accumulator-skew=blind, enforcement-timing=blind, guard-short-circuit=rows, incentive-inversion=rows, liveness=rows, primitive-symmetry=rows; rows=5)
step 164 audit-json-final: 15 audit sections + ok (ok=True) present
step 194 audit-json-s2: 14 audit sections + ok (ok=True) present

GOLDEN GREEN: Go run validates (exit codes, tree + event chain, audit surface)

real	0m8.704s
user	0m10.187s
sys	0m2.209s
GOLDEN_EXIT=0
=== scripts/runbook-walkthrough.sh ===
[PASS] §0     selftest-fast                  exit=0 
[PASS] §0     selftest-full                  exit=0 
[PASS] §2     scope                          exit=0 
[PASS] §3     snap                           exit=0 
[PASS] §4     model                          exit=0 
[PASS] §4     index                          exit=0 
[PASS] §5     plan                           exit=0 
[PASS] §5     plan-rebuild                   exit=0 
[PASS] §4a    probes-run                     exit=0 
[PASS] §4a    probes-emit                    exit=0 
[PASS] §4a    probes-list                    exit=0 
[PASS] §4a    probes-list-all                exit=0 
[PASS] §4a    probes-list-axis               exit=0 
[PASS] §4a    probes-list-json               exit=0 
[PASS] §4a    probes-blank-refused           exit=2 
[PASS] §4a    answered-anchor                exit=0 
[PASS] §cheat sinks                          exit=0 
[PASS] §cheat prescreen                      exit=0 
[PASS] §cheat forkdiff                       exit=0 
[PASS] §cheat recency                        exit=0 
[PASS] §cheat baseline-list                  exit=0 
[PASS] §cheat baseline-add                   exit=0 
[PASS] §cheat baseline-remove                exit=0 
[PASS] §cheat corpus-surface                 exit=0 
[PASS] §5     backtest-baselines             exit=0 
[PASS] §5     backtest-tool-baselines        exit=0 
[PASS] §5     ingest-aderyn                  exit=0 
[PASS] §5     model-facts                    exit=0 
[PASS] §5a    floors                         exit=0 
[PASS] §5a    floors-set                     exit=0 
[PASS] §5a    floors-unset                   exit=0 
[PASS] §5a    floors-json                    exit=0 
[PASS] §5a    budget                         exit=0 
[PASS] §5a    budget-set                     exit=0 
[PASS] §5a    budget-clear                   exit=0 
[PASS] §5a    budget-discovery               exit=0 
[PASS] §5a    budget-json                    exit=0 
[PASS] §4     index-json                     exit=0 
[PASS] §cheat sinks-json                     exit=0 
[PASS] §cheat prescreen-json                 exit=0 
[PASS] §cheat forkdiff-json                  exit=0 
[PASS] §cheat recency-json                   exit=0 
[PASS] §5     ingest-example                 exit=0 
[PASS] §1     run-max-stages                 exit=2 
[PASS] §5     ingest                         exit=0 
[PASS] §5     ingest-second                  exit=0 
[PASS] §6a    exec-dry                       exit=0 
[PASS] §6a    exec-ok                        exit=0 
[PASS] §6a    exec-env                       exit=0 
[PASS] §6a    exec-fail                      exit=0 
[PASS] §cheat execs                          exit=0 
[PASS] §cheat execs-json                     exit=0 
[PASS] §cheat execs-id                       exit=0 
[PASS] §6a    mint                           exit=0 
[PASS] §6     recall                         exit=0 
[PASS] §6     verdict                        exit=0 
[PASS] §6     move-confirmed-verbatim        exit=2 
[PASS] §6     move-possible                  exit=0 
[PASS] §6     move-confirmed                 exit=0 
[PASS] §6     gate-finding                   exit=0 
[PASS] §6     gate-failing                   exit=1 
[PASS] §6     gate-all                       exit=0 
[PASS] §6     gate-explain                   exit=0 
[PASS] §6a    classify                       exit=0 
[PASS] §cheat shield                         exit=0 
[PASS] §cheat precondition                   exit=0 
[PASS] §6a    sequence-verify                exit=0 
[PASS] §7u    impact                         exit=0 
[PASS] §7u    impact-unpriceable             exit=0 
[PASS] §7     verify-exec-independence       exit=2 
[PASS] §7     verify-exec                    exit=0 
[PASS] §7     verify-queue                   exit=0 
[PASS] §7     verify-log                     exit=0 
[PASS] §9     report                         exit=0 
[PASS] §cheat brief                          exit=0 
[PASS] §cheat brief-json                     exit=0 
[PASS] §cheat brief-deep                     exit=0 
[PASS] §9     memory-empty                   exit=0 
[PASS] §6a    ladder-start                   exit=0 
[PASS] §6a    ladder-add                     exit=0 
[PASS] §6a    ladder-show                    exit=0 
[PASS] §6a    ladder-explore-verbatim        exit=0 
[PASS] §6a    ladder-explore                 exit=0 
[PASS] §6a    ladder-disprove                exit=0 
[PASS] §6a    ladder-report                  exit=0 
[PASS] §6a    ladder-complete                exit=2 
[PASS] §9     memory-list                    exit=0 
[PASS] §9     memory-approve                 exit=0 
[PASS] §7p    immunize-verbatim              exit=2 
[PASS] §7p    immunize-unit-poc-refused      exit=2 
[PASS] §cheat hint                           exit=0 
[PASS] §7     artifact-register              exit=0 
[PASS] §cheat artifact-list                  exit=0 
[PASS] §cheat invariant-verify               exit=0 
[PASS] §cheat invariant-contradict           exit=0 
[PASS] §9     publish                        exit=0 
[PASS] §9     globalize                      exit=0 
[PASS] §9     publish-global                 exit=0 
[PASS] §9     shared                         exit=0 
[PASS] §9     shared-verify                  exit=0 
[PASS] §9     publish-disclosure             exit=0 
[PASS] §cheat cost                           exit=0 
[PASS] §cheat yields                         exit=0 
[PASS] §cheat price-table                    exit=0 
[PASS] §cheat price-set                      exit=0 
[PASS] §cheat price-basis                    exit=0 
[PASS] §cheat relations                      exit=0 
[PASS] §cheat relations-rebuild              exit=0 
[PASS] §cheat resemble                       exit=0 
[PASS] §8     chains                         exit=0 
[PASS] §8     terminals                      exit=0 
[PASS] §cheat privileged                     exit=0 
[PASS] §6     dedup                          exit=0 
[PASS] §cheat prioritize                     exit=0 
[PASS] §cheat repro-queue                    exit=0 
[PASS] §5     answered-priority              exit=0 
[PASS] §cheat waive                          exit=0 
[PASS] §4b    enforce                        exit=0 
[PASS] §4b    enforce-json                   exit=0 
[PASS] §5     deferred                       exit=0 
[PASS] §5     deferred-json                  exit=0 
[PASS] §8     adversarial-game               exit=0 
[PASS] §0     doctor                         exit=0 
[PASS] §0     doctor-json                    exit=0 
[PASS] §0     env-doctor                     exit=1 
[PASS] §0     env-doctor-json                exit=0 
[PASS] §cheat status                         exit=0 
[PASS] §cheat status-verbose                 exit=0 
[PASS] §cheat sft-lint                       exit=0 
[PASS] §cheat sft-add                        exit=0 
[PASS] §cheat sft-list                       exit=0 
[PASS] §cheat sft-split                      exit=0 
[PASS] §cheat sft-report                     exit=0 
[PASS] §cheat sft-export                     exit=0 
[PASS] §cheat sft-backfill                   exit=0 
[PASS] §10    prove-incomplete               exit=1 
[PASS] §10    prove-done                     exit=0 
[PASS] §0     doctor-state-only              exit=0 
[PASS] §0     doctor-snapshot-only           exit=0 
[PASS] §0     env-doctor-campaign            exit=1 
[PASS] §5     answered-lens                  exit=0 
[PASS] §6     resolve-candidate              exit=0 
[PASS] §1     run-halt                       exit=3 
[PASS] §10    complete                       exit=0 
[PASS] §10    prove                          exit=0 
[PASS] §cheat log                            exit=0 
[PASS] §10    audit                          exit=0 
[PASS] §10    audit-json                     exit=0 
[PASS] §7     verify-final                   exit=0 
[PASS] §0     selftest-final                 exit=0 

=== RUNBOOK walkthrough: per-command results (150 commands) ===
[PASS] §0     selftest-fast                  exit=0  
[PASS] §0     selftest-full                  exit=0  
[PASS] §2     scope                          exit=0  
[PASS] §3     snap                           exit=0  
[PASS] §4     model                          exit=0  
[PASS] §4     index                          exit=0  
[PASS] §5     plan                           exit=0  
[PASS] §5     plan-rebuild                   exit=0  
[PASS] §4a    probes-run                     exit=0  
[PASS] §4a    probes-emit                    exit=0  
[PASS] §4a    probes-list                    exit=0  
[PASS] §4a    probes-list-all                exit=0  
[PASS] §4a    probes-list-axis               exit=0  
[PASS] §4a    probes-list-json               exit=0  
[PASS] §4a    probes-blank-refused           exit=2  
[PASS] §4a    answered-anchor                exit=0  
[PASS] §cheat sinks                          exit=0  
[PASS] §cheat prescreen                      exit=0  
[PASS] §cheat forkdiff                       exit=0  
[PASS] §cheat recency                        exit=0  
[PASS] §cheat baseline-list                  exit=0  
[PASS] §cheat baseline-add                   exit=0  
[PASS] §cheat baseline-remove                exit=0  
[PASS] §cheat corpus-surface                 exit=0  
[PASS] §5     backtest-baselines             exit=0  
[PASS] §5     backtest-tool-baselines        exit=0  
[PASS] §5     ingest-aderyn                  exit=0  
[PASS] §5     model-facts                    exit=0  
[PASS] §5a    floors                         exit=0  
[PASS] §5a    floors-set                     exit=0  
[PASS] §5a    floors-unset                   exit=0  
[PASS] §5a    floors-json                    exit=0  
[PASS] §5a    budget                         exit=0  
[PASS] §5a    budget-set                     exit=0  
[PASS] §5a    budget-clear                   exit=0  
[PASS] §5a    budget-discovery               exit=0  
[PASS] §5a    budget-json                    exit=0  
[PASS] §4     index-json                     exit=0  
[PASS] §cheat sinks-json                     exit=0  
[PASS] §cheat prescreen-json                 exit=0  
[PASS] §cheat forkdiff-json                  exit=0  
[PASS] §cheat recency-json                   exit=0  
[PASS] §5     ingest-example                 exit=0  
[PASS] §1     run-max-stages                 exit=2  
[PASS] §5     ingest                         exit=0  
[PASS] §5     ingest-second                  exit=0  
[PASS] §6a    exec-dry                       exit=0  
[PASS] §6a    exec-ok                        exit=0  
[PASS] §6a    exec-env                       exit=0  
[PASS] §6a    exec-fail                      exit=0  
[PASS] §cheat execs                          exit=0  
[PASS] §cheat execs-json                     exit=0  
[PASS] §cheat execs-id                       exit=0  
[PASS] §6a    mint                           exit=0  
[PASS] §6     recall                         exit=0  
[PASS] §6     verdict                        exit=0  
[PASS] §6     move-confirmed-verbatim        exit=2  
[PASS] §6     move-possible                  exit=0  
[PASS] §6     move-confirmed                 exit=0  
[PASS] §6     gate-finding                   exit=0  
[PASS] §6     gate-failing                   exit=1  
[PASS] §6     gate-all                       exit=0  
[PASS] §6     gate-explain                   exit=0  
[PASS] §6a    classify                       exit=0  
[PASS] §cheat shield                         exit=0  
[PASS] §cheat precondition                   exit=0  
[PASS] §6a    sequence-verify                exit=0  
[PASS] §7u    impact                         exit=0  
[PASS] §7u    impact-unpriceable             exit=0  
[PASS] §7     verify-exec-independence       exit=2  
[PASS] §7     verify-exec                    exit=0  
[PASS] §7     verify-queue                   exit=0  
[PASS] §7     verify-log                     exit=0  
[PASS] §9     report                         exit=0  
[PASS] §cheat brief                          exit=0  
[PASS] §cheat brief-json                     exit=0  
[PASS] §cheat brief-deep                     exit=0  
[PASS] §9     memory-empty                   exit=0  
[PASS] §6a    ladder-start                   exit=0  
[PASS] §6a    ladder-add                     exit=0  
[PASS] §6a    ladder-show                    exit=0  
[PASS] §6a    ladder-explore-verbatim        exit=0  
[PASS] §6a    ladder-explore                 exit=0  
[PASS] §6a    ladder-disprove                exit=0  
[PASS] §6a    ladder-report                  exit=0  
[PASS] §6a    ladder-complete                exit=2  
[PASS] §9     memory-list                    exit=0  
[PASS] §9     memory-approve                 exit=0  
[PASS] §7p    immunize-verbatim              exit=2  
[PASS] §7p    immunize-unit-poc-refused      exit=2  
[PASS] §cheat hint                           exit=0  
[PASS] §7     artifact-register              exit=0  
[PASS] §cheat artifact-list                  exit=0  
[PASS] §cheat invariant-verify               exit=0  
[PASS] §cheat invariant-contradict           exit=0  
[PASS] §9     publish                        exit=0  
[PASS] §9     globalize                      exit=0  
[PASS] §9     publish-global                 exit=0  
[PASS] §9     shared                         exit=0  
[PASS] §9     shared-verify                  exit=0  
[PASS] §9     publish-disclosure             exit=0  
[PASS] §cheat cost                           exit=0  
[PASS] §cheat yields                         exit=0  
[PASS] §cheat price-table                    exit=0  
[PASS] §cheat price-set                      exit=0  
[PASS] §cheat price-basis                    exit=0  
[PASS] §cheat relations                      exit=0  
[PASS] §cheat relations-rebuild              exit=0  
[PASS] §cheat resemble                       exit=0  
[PASS] §8     chains                         exit=0  
[PASS] §8     terminals                      exit=0  
[PASS] §cheat privileged                     exit=0  
[PASS] §6     dedup                          exit=0  
[PASS] §cheat prioritize                     exit=0  
[PASS] §cheat repro-queue                    exit=0  
[PASS] §5     answered-priority              exit=0  
[PASS] §cheat waive                          exit=0  
[PASS] §4b    enforce                        exit=0  
[PASS] §4b    enforce-json                   exit=0  
[PASS] §5     deferred                       exit=0  
[PASS] §5     deferred-json                  exit=0  
[PASS] §8     adversarial-game               exit=0  
[PASS] §0     doctor                         exit=0  
[PASS] §0     doctor-json                    exit=0  
[PASS] §0     env-doctor                     exit=1  
[PASS] §0     env-doctor-json                exit=0  
[PASS] §cheat status                         exit=0  
[PASS] §cheat status-verbose                 exit=0  
[PASS] §cheat sft-lint                       exit=0  
[PASS] §cheat sft-add                        exit=0  
[PASS] §cheat sft-list                       exit=0  
[PASS] §cheat sft-split                      exit=0  
[PASS] §cheat sft-report                     exit=0  
[PASS] §cheat sft-export                     exit=0  
[PASS] §cheat sft-backfill                   exit=0  
[PASS] §10    prove-incomplete               exit=1  
[PASS] §10    prove-done                     exit=0  
[PASS] §0     doctor-state-only              exit=0  
[PASS] §0     doctor-snapshot-only           exit=0  
[PASS] §0     env-doctor-campaign            exit=1  
[PASS] §5     answered-lens                  exit=0  
[PASS] §6     resolve-candidate              exit=0  
[PASS] §1     run-halt                       exit=3  
[PASS] §10    complete                       exit=0  
[PASS] §10    prove                          exit=0  
[PASS] §cheat log                            exit=0  
[PASS] §10    audit                          exit=0  
[PASS] §10    audit-json                     exit=0  
[PASS] §7     verify-final                   exit=0  
[PASS] §0     selftest-final                 exit=0  

walkthrough: 150 passed, 0 failed (runbook assets/runbook/RUNBOOK.md, binary /home/xand/Projects/dsh-plugins/websec2/web3sec-go/.worktrees/production-readiness/.scratch/t37/runbook-walkthrough/webv2)
WALKTHROUGH GREEN: every RUNBOOK command matched its documented behavior

real	1m3.400s
user	1m42.962s
sys	0m16.520s
RUNBOOK_EXIT=0
