
=== step 1/13: go vet ===
ok: vet clean

=== step 2/13: go build -> /tmp/webv2 ===
ok: /tmp/webv2 built

=== step 3/13: go test ===
ok  	websec/assets	(cached)
?   	websec/cmd/webv2	[no test files]
ok  	websec/internal/adapter	(cached)
ok  	websec/internal/archetypes	(cached)
ok  	websec/internal/audit	(cached)
ok  	websec/internal/audit/sections	(cached)
ok  	websec/internal/backtest	(cached)
ok  	websec/internal/boundary	(cached)
ok  	websec/internal/bounty	(cached)
ok  	websec/internal/briefing	(cached)
ok  	websec/internal/capabilities	(cached)
ok  	websec/internal/chainengine	(cached)
ok  	websec/internal/classweights	(cached)
ok  	websec/internal/cli	32.279s
ok  	websec/internal/completion	(cached)
ok  	websec/internal/corpus	0.076s
ok  	websec/internal/costs	(cached)
ok  	websec/internal/coverage	(cached)
ok  	websec/internal/datasets/aderyn	(cached)
ok  	websec/internal/datasets/c4audit	(cached)
ok  	websec/internal/datasets/defihacklabs	(cached)
ok  	websec/internal/datasets/immunefi	(cached)
ok  	websec/internal/datasets/sherlock	(cached)
ok  	websec/internal/datasets/slither	(cached)
ok  	websec/internal/dedup	(cached)
ok  	websec/internal/doctor	(cached)
ok  	websec/internal/economics	(cached)
ok  	websec/internal/envgo	(cached)
ok  	websec/internal/evalscore	(cached)
ok  	websec/internal/evalstore	(cached)
ok  	websec/internal/findings	(cached)
ok  	websec/internal/floors	(cached)
ok  	websec/internal/forkdiff	(cached)
ok  	websec/internal/forkpoc	(cached)
ok  	websec/internal/harness	(cached)
ok  	websec/internal/histmining	(cached)
ok  	websec/internal/immunize	(cached)
ok  	websec/internal/ingest	(cached)
ok  	websec/internal/invariants	(cached)
ok  	websec/internal/jval	(cached)
ok  	websec/internal/learning	(cached)
ok  	websec/internal/maximization	(cached)
ok  	websec/internal/metrics	(cached)
ok  	websec/internal/orchestrator	(cached)
ok  	websec/internal/pipeline	(cached)
ok  	websec/internal/planner	(cached)
ok  	websec/internal/playbooks	(cached)
ok  	websec/internal/pricing	(cached)
ok  	websec/internal/privileged	(cached)
ok  	websec/internal/probes	(cached)
ok  	websec/internal/protocolgraph	(cached)
ok  	websec/internal/relations	(cached)
ok  	websec/internal/report	(cached)
ok  	websec/internal/reproduction	(cached)
ok  	websec/internal/risk	(cached)
ok  	websec/internal/roles	(cached)
ok  	websec/internal/sandbox	(cached)
ok  	websec/internal/sequencepoc	(cached)
ok  	websec/internal/sft	(cached)
ok  	websec/internal/sharedmem	(cached)
ok  	websec/internal/snapshot	(cached)
ok  	websec/internal/solscope	(cached)
ok  	websec/internal/srcclass	(cached)
ok  	websec/internal/state	(cached)
ok  	websec/internal/structidx	(cached)
ok  	websec/internal/taxonomy	(cached)
ok  	websec/internal/textsim	(cached)
ok  	websec/internal/trajectory	(cached)
ok  	websec/internal/validation	(cached)
ok  	websec/internal/validation/fuzz	(cached)
ok  	websec/internal/version	(cached)
ok  	websec/internal/wilson	(cached)
?   	websec/scripts/archive/oq3check-main.go.txt	[no test files]
ok: tests pass

=== step 4/13: go test -race ===
ok  	websec/assets	(cached)
?   	websec/cmd/webv2	[no test files]
ok  	websec/internal/adapter	(cached)
ok  	websec/internal/archetypes	(cached)
ok  	websec/internal/audit	(cached)
ok  	websec/internal/audit/sections	(cached)
ok  	websec/internal/backtest	(cached)
ok  	websec/internal/boundary	(cached)
ok  	websec/internal/bounty	(cached)
ok  	websec/internal/briefing	(cached)
ok  	websec/internal/capabilities	(cached)
ok  	websec/internal/chainengine	(cached)
ok  	websec/internal/classweights	(cached)
ok  	websec/internal/cli	170.440s
ok  	websec/internal/completion	(cached)
ok  	websec/internal/corpus	1.200s
ok  	websec/internal/costs	(cached)
ok  	websec/internal/coverage	(cached)
ok  	websec/internal/datasets/aderyn	(cached)
ok  	websec/internal/datasets/c4audit	(cached)
ok  	websec/internal/datasets/defihacklabs	(cached)
ok  	websec/internal/datasets/immunefi	(cached)
ok  	websec/internal/datasets/sherlock	(cached)
ok  	websec/internal/datasets/slither	(cached)
ok  	websec/internal/dedup	(cached)
ok  	websec/internal/doctor	(cached)
ok  	websec/internal/economics	(cached)
ok  	websec/internal/envgo	(cached)
ok  	websec/internal/evalscore	(cached)
ok  	websec/internal/evalstore	(cached)
ok  	websec/internal/findings	(cached)
ok  	websec/internal/floors	(cached)
ok  	websec/internal/forkdiff	(cached)
ok  	websec/internal/forkpoc	(cached)
ok  	websec/internal/harness	(cached)
ok  	websec/internal/histmining	(cached)
ok  	websec/internal/immunize	(cached)
ok  	websec/internal/ingest	(cached)
ok  	websec/internal/invariants	(cached)
ok  	websec/internal/jval	(cached)
ok  	websec/internal/learning	(cached)
ok  	websec/internal/maximization	(cached)
ok  	websec/internal/metrics	(cached)
ok  	websec/internal/orchestrator	(cached)
ok  	websec/internal/pipeline	(cached)
ok  	websec/internal/planner	(cached)
ok  	websec/internal/playbooks	(cached)
ok  	websec/internal/pricing	(cached)
ok  	websec/internal/privileged	(cached)
ok  	websec/internal/probes	(cached)
ok  	websec/internal/protocolgraph	(cached)
ok  	websec/internal/relations	(cached)
ok  	websec/internal/report	(cached)
ok  	websec/internal/reproduction	(cached)
ok  	websec/internal/risk	(cached)
ok  	websec/internal/roles	(cached)
ok  	websec/internal/sandbox	(cached)
ok  	websec/internal/sequencepoc	(cached)
ok  	websec/internal/sft	(cached)
ok  	websec/internal/sharedmem	(cached)
ok  	websec/internal/snapshot	(cached)
ok  	websec/internal/solscope	(cached)
ok  	websec/internal/srcclass	(cached)
ok  	websec/internal/state	(cached)
ok  	websec/internal/structidx	(cached)
ok  	websec/internal/taxonomy	(cached)
ok  	websec/internal/textsim	(cached)
ok  	websec/internal/trajectory	(cached)
ok  	websec/internal/validation	(cached)
ok  	websec/internal/validation/fuzz	(cached)
ok  	websec/internal/version	(cached)
ok  	websec/internal/wilson	(cached)
?   	websec/scripts/archive/oq3check-main.go.txt	[no test files]
ok: race clean

=== step 5/13: go test -count=1 twice, identical ===
ok: two fresh runs byte-identical (durations stripped)

=== step 6/13: asset-pack manifest ===
ok  	websec/assets	0.006s
ok: every embedded asset byte-matches the committed manifest

=== step 7/13: golden.sh ===
[surface2] 6 axes carry rows (total 7 emitted), schema required-keys ok
golden run complete: campaign C-34c0ce6f4b (196 steps, Go-only)
  run root: /home/xand/Projects/dsh-plugins/websec2/web3sec-go/.worktrees/production-readiness/.scratch/golden/root
  archived tree: /home/xand/Projects/dsh-plugins/websec2/web3sec-go/.worktrees/production-readiness/.scratch/golden/tree-go
tree: campaign C-34c0ce6f4b well-formed (179 events, chain intact; 99 files archived)
steps: 196 commands (declared nonzero: gate-h1=1, gate-h3=1, prove-learning=1, ladder-disprove-short-reason=2, ladder-disprove-reproduced=2, impact-unpriceable-incomplete=2, answered-structural-refused=2, answered-dismissal-refused=2, answered-dismissal-override-unreasoned=2, env-doctor=1, run=3, complete-short-reason=2, sft-lint-dedup=1, sft-lint-reject=1), 5 with declared output markers
report artifact: Q-016 is on the record as both a flagged dismissal and a logged override
step 07 audit-json: 14 audit sections + ok (ok=True) present
step 105 probes-list-all-json: 6 probe axes alive, states as declared (accumulator-skew=blind, enforcement-timing=blind, guard-short-circuit=rows, incentive-inversion=rows, liveness=rows, primitive-symmetry=rows; rows=5)
step 164 audit-json-final: 15 audit sections + ok (ok=True) present
step 194 audit-json-s2: 14 audit sections + ok (ok=True) present

GOLDEN GREEN: Go run validates (exit codes, tree + event chain, audit surface)

=== step 8/13: crash smoke: truncated events.jsonl ===
ok: audit/verify handle a corrupted log without panicking

=== step 9/13: legacy cross-audit: a reference-written campaign audits clean in Go ===
ok: Go audit/verify accept the reference-written campaign (ok: true)
  ok Go audit of legacy campaign: 14 audit sections = 14 base (no presence-gated section rendered), incl sequence_coverage
  ok Go readers on legacy P2/P3 state: 3 exec records readable
  ok Go readers on legacy P2/P3 state: ladder report reads the completed ladder
  ok Go readers on legacy P2/P3 state: memory view reads the queued negative row
  ok Go readers on legacy P2/P3 state: 6 probe axes (1 blind) readable

=== step 10/13: P1 CLI smoke: 21 commands, documented exit codes ===
  ok init                 exit=0  webv2 init --program VerifyP1Smoke
  ok model                exit=0  webv2 model C-3916808d01 /home/xand/Projects/dsh-plugins/websec2/web3sec-go/.worktrees/production-readiness/.scratch/verify-p1/fixtures/model.json
  ok plan                 exit=0  webv2 plan C-3916808d01
  ok ingest f1            exit=0  webv2 ingest C-3916808d01 --json-file /home/xand/Projects/dsh-plugins/websec2/web3sec-go/.worktrees/production-readiness/.scratch/verify-p1/fixtures/f1.json --trajectory code --stage smoke
  ok verdict confirmed    exit=0  webv2 verdict C-3916808d01 F-1bff4349f318 --verdict confirmed --reason verified by hand
  ok ingest f2            exit=0  webv2 ingest C-3916808d01 --json-file /home/xand/Projects/dsh-plugins/websec2/web3sec-go/.worktrees/production-readiness/.scratch/verify-p1/fixtures/f2.json --trajectory code --stage smoke
  ok dedup                exit=0  webv2 dedup C-3916808d01
  ok resolve-candidate    exit=0  webv2 resolve-candidate C-3916808d01 F-469df6ae794d F-1bff4349f318 --verdict distinct
  ok prioritize           exit=0  webv2 prioritize C-3916808d01
  ok repro-queue          exit=0  webv2 repro-queue C-3916808d01
  ok answered             exit=0  webv2 answered C-3916808d01 Q-001 answered --reason covered by F1 --ref F-1bff4349f318
  ok scope                exit=0  webv2 scope C-3916808d01 --policy /home/xand/Projects/dsh-plugins/websec2/web3sec-go/.worktrees/production-readiness/.scratch/verify-p1/fixtures/policy.json
  ok floors               exit=0  webv2 floors C-3916808d01 list
  ok budget               exit=0  webv2 budget C-3916808d01 --set 500 --actor operator
  ok hint                 exit=0  webv2 hint C-3916808d01 --kind note --content look at the accounting path
  ok recall               exit=0  webv2 recall C-3916808d01 --finding F-1bff4349f318
  ok artifact-register    exit=0  webv2 artifact-register C-3916808d01 /home/xand/Projects/dsh-plugins/websec2/web3sec-go/.worktrees/production-readiness/.scratch/verify-p1/fixtures/note.md --kind report
  ok artifact-list        exit=0  webv2 artifact-list C-3916808d01
  ok invariant-verify     exit=0  webv2 invariant-verify C-3916808d01 INV-1 --artifact REP-808e3408
  ok invariant-contradict exit=0  webv2 invariant-contradict C-3916808d01 INV-2 --evidence REP-808e3408
  ok gate dry-run         exit=1  webv2 gate C-3916808d01 F-1bff4349f318
  ok prove                exit=0  webv2 prove C-3916808d01
  ok waive                exit=0  webv2 waive C-3916808d01 learning --reason no learning artifact owed --actor operator
ok: 21 P1 commands exercised, exit codes as documented

=== step 11/13: P2 CLI smoke: exec ledger, mint, ladder, chains, impact, sequence ===
  ok init                     exit=0  webv2 init --program VerifyP2Smoke
  ok model                    exit=0  webv2 model C-50abeacbb3 /home/xand/Projects/dsh-plugins/websec2/web3sec-go/.worktrees/production-readiness/.scratch/verify-p1/fixtures/model.json
  ok ingest f1                exit=0  webv2 ingest C-50abeacbb3 --json-file /home/xand/Projects/dsh-plugins/websec2/web3sec-go/.worktrees/production-readiness/.scratch/verify-p1/fixtures/f1.json --trajectory code --stage smoke2
  ok ingest f2                exit=0  webv2 ingest C-50abeacbb3 --json-file /home/xand/Projects/dsh-plugins/websec2/web3sec-go/.worktrees/production-readiness/.scratch/verify-p1/fixtures/f2.json --trajectory code --stage smoke2
  ok verdict confirmed        exit=0  webv2 verdict C-50abeacbb3 F-335c852cc3a6 --verdict confirmed --reason verified by hand
  ok move possible            exit=0  webv2 move C-50abeacbb3 F-335c852cc3a6 POSSIBLE --reason triage passed
  ok artifact-register        exit=0  webv2 artifact-register C-50abeacbb3 /home/xand/Projects/dsh-plugins/websec2/web3sec-go/.worktrees/production-readiness/.scratch/verify-p1/fixtures/note.md --kind report
  ok invariant-verify         exit=0  webv2 invariant-verify C-50abeacbb3 INV-1 --artifact REP-f2cbaab9
  ok exec pass                exit=0  webv2 exec C-50abeacbb3 --command echo p2-smoke --finding F-335c852cc3a6
  ok exec fail                exit=0  webv2 exec C-50abeacbb3 --command exit 7 --finding F-335c852cc3a6
  ok execs                    exit=0  webv2 execs C-50abeacbb3
  ok execs --json             exit=0  webv2 execs C-50abeacbb3 --json
  ok execs --id               exit=0  webv2 execs C-50abeacbb3 --id EXEC-e60b7ab5d5
  ok classify                 exit=0  webv2 classify C-50abeacbb3 EXEC-e60b7ab5d5
  ok mint                     exit=0  webv2 mint C-50abeacbb3 F-335c852cc3a6 --exec EXEC-a9b19962f6 --description sandboxed PoC drains the vault in one withdraw --tier T2 --type foundry-test
  ok ladder start             exit=0  webv2 ladder C-50abeacbb3 start F-335c852cc3a6
  ok ladder show              exit=0  webv2 ladder C-50abeacbb3 show F-335c852cc3a6
  ok ladder add               exit=0  webv2 ladder C-50abeacbb3 add F-335c852cc3a6 --name dust --description dust the pool with one wei --axes capital-minimization --capital 1 --ratio 1 --removes victim stakes
  ok ladder explore cap-saturation exit=0  webv2 ladder C-50abeacbb3 explore F-335c852cc3a6 - cap-saturation --note considered, not applicable here
  ok ladder explore precondition-removal exit=0  webv2 ladder C-50abeacbb3 explore F-335c852cc3a6 - precondition-removal --note considered, not applicable here
  ok ladder explore role-conflation exit=0  webv2 ladder C-50abeacbb3 explore F-335c852cc3a6 - role-conflation --note considered, not applicable here
  ok ladder explore ordering-permutation exit=0  webv2 ladder C-50abeacbb3 explore F-335c852cc3a6 - ordering-permutation --note considered, not applicable here
  ok ladder repro             exit=0  webv2 ladder C-50abeacbb3 repro F-335c852cc3a6 R-c00684 --exec EXEC-a9b19962f6
  ok ladder disprove guard    exit=2  webv2 ladder C-50abeacbb3 disprove F-335c852cc3a6 R-c00684 --reason the corrected claim did not survive review
  ok ladder set-maximal       exit=0  webv2 ladder C-50abeacbb3 set-maximal F-335c852cc3a6 R-c00684
  ok ladder complete          exit=0  webv2 ladder C-50abeacbb3 complete F-335c852cc3a6
  ok ladder report            exit=0  webv2 ladder C-50abeacbb3 report F-335c852cc3a6
  ok chains                   exit=0  webv2 chains C-50abeacbb3
  ok terminals                exit=0  webv2 terminals C-50abeacbb3
  ok privileged               exit=0  webv2 privileged C-50abeacbb3
  ok sequence verify          exit=0  webv2 sequence verify C-50abeacbb3 F-335c852cc3a6
  ok impact priced            exit=0  webv2 impact C-50abeacbb3 F-335c852cc3a6 --extractable 1000 --max-loss 5000 --required-capital 100
  ok impact artifact          exit=0  webv2 impact C-50abeacbb3 F-335c852cc3a6 --extractable 1000 --artifact /home/xand/Projects/dsh-plugins/websec2/web3sec-go/.worktrees/production-readiness/.scratch/verify-p1/fixtures/note.md --description the priced impact carried by the report
  ok impact unpriceable       exit=0  webv2 impact C-50abeacbb3 F-4b48a5305d92 --unpriceable --ceiling no defensible USD figure --reason the affected asset has no observable market --actor smoke
  ok impact incomplete        exit=2  webv2 impact C-50abeacbb3 F-4b48a5305d92 --unpriceable --ceiling no defensible USD figure
  ok audit --json             exit=0  webv2 audit C-50abeacbb3 --json
  ok P2 smoke audit: 14 audit sections = 14 base (no presence-gated section rendered), incl sequence_coverage
  ok verify                   exit=0  webv2 verify C-50abeacbb3
ok: P2 commands exercised, exit codes as documented

=== step 12/13: P3 CLI smoke: index/probes/memory/publish/baselines/costs/run ===
  ok init                     exit=0  webv2 init --program VerifyP3Smoke
  ok model                    exit=0  webv2 model C-10ab2d8738 /home/xand/Projects/dsh-plugins/websec2/web3sec-go/.worktrees/production-readiness/.scratch/verify-p1/fixtures/model.json
  ok plan                     exit=0  webv2 plan C-10ab2d8738
  ok ingest f1                exit=0  webv2 ingest C-10ab2d8738 --json-file /home/xand/Projects/dsh-plugins/websec2/web3sec-go/.worktrees/production-readiness/.scratch/verify-p1/fixtures/f1.json --trajectory code --stage smoke3
  ok verdict confirmed        exit=0  webv2 verdict C-10ab2d8738 F-99db0a513cea --verdict confirmed --reason verified by hand
  ok move possible            exit=0  webv2 move C-10ab2d8738 F-99db0a513cea POSSIBLE --reason triage passed
  ok artifact-register        exit=0  webv2 artifact-register C-10ab2d8738 /home/xand/Projects/dsh-plugins/websec2/web3sec-go/.worktrees/production-readiness/.scratch/verify-p1/fixtures/note.md --kind report
  ok invariant-verify         exit=0  webv2 invariant-verify C-10ab2d8738 INV-1 --artifact REP-79a49b12
  ok exec pass                exit=0  webv2 exec C-10ab2d8738 --command echo p3-smoke --finding F-99db0a513cea
  ok mint                     exit=0  webv2 mint C-10ab2d8738 F-99db0a513cea --exec EXEC-7ba143f2aa --description sandboxed PoC drains the vault in one withdraw --tier T2 --type foundry-test
  ok ingest f1-pre            exit=0  webv2 ingest C-10ab2d8738 --json-file /home/xand/Projects/dsh-plugins/websec2/web3sec-go/.worktrees/production-readiness/.scratch/verify-p1/fixtures/f1-pre.json --trajectory code --stage smoke3
  ok shield                   exit=0  webv2 shield C-10ab2d8738 F-99db0a513cea --reason the effect is the intended transfer --actor smoke
  ok shield --extraction      exit=0  webv2 shield C-10ab2d8738 F-99db0a513cea --extraction --reason the effect is extraction despite the documented intent --actor smoke
  ok precondition enforced    exit=0  webv2 precondition C-10ab2d8738 F-9f1047a1618a the timelock is enforced --enforced
  ok precondition unknown (refusal) exit=1  webv2 precondition C-10ab2d8738 F-9f1047a1618a no such precondition here --not-enforced
  ok scope                    exit=0  webv2 scope C-10ab2d8738 --policy /home/xand/Projects/dsh-plugins/websec2/web3sec-go/.worktrees/production-readiness/.scratch/verify-p1/fixtures/policy.json
  ok snap                     exit=0  webv2 snap C-10ab2d8738 /home/xand/Projects/dsh-plugins/websec2/web3sec-go/.worktrees/production-readiness/internal/probes/testdata/probes/accumulator/blind
  ok index                    exit=0  webv2 index C-10ab2d8738 --src /home/xand/Projects/dsh-plugins/websec2/web3sec-go/.worktrees/production-readiness/.scratch/verify-p1/smoke3/campaigns/C-10ab2d8738/snapshots/src-4382e586-b868c7cd06e0/
  ok index --json             exit=0  webv2 index C-10ab2d8738 --src /home/xand/Projects/dsh-plugins/websec2/web3sec-go/.worktrees/production-readiness/.scratch/verify-p1/smoke3/campaigns/C-10ab2d8738/snapshots/src-4382e586-b868c7cd06e0/ --json
  ok sinks                    exit=0  webv2 sinks C-10ab2d8738 --src /home/xand/Projects/dsh-plugins/websec2/web3sec-go/.worktrees/production-readiness/.scratch/verify-p1/smoke3/campaigns/C-10ab2d8738/snapshots/src-4382e586-b868c7cd06e0/
  ok sinks --json             exit=0  webv2 sinks C-10ab2d8738 --src /home/xand/Projects/dsh-plugins/websec2/web3sec-go/.worktrees/production-readiness/.scratch/verify-p1/smoke3/campaigns/C-10ab2d8738/snapshots/src-4382e586-b868c7cd06e0/ --json
  ok prescreen                exit=0  webv2 prescreen C-10ab2d8738 --src /home/xand/Projects/dsh-plugins/websec2/web3sec-go/.worktrees/production-readiness/.scratch/verify-p1/smoke3/campaigns/C-10ab2d8738/snapshots/src-4382e586-b868c7cd06e0/
  ok prescreen --json         exit=0  webv2 prescreen C-10ab2d8738 --src /home/xand/Projects/dsh-plugins/websec2/web3sec-go/.worktrees/production-readiness/.scratch/verify-p1/smoke3/campaigns/C-10ab2d8738/snapshots/src-4382e586-b868c7cd06e0/ --json
  ok probes run               exit=0  webv2 probes C-10ab2d8738 run
  ok probes list              exit=0  webv2 probes C-10ab2d8738 list
  ok probes list --all        exit=0  webv2 probes C-10ab2d8738 list --all
  ok probes list --all --json exit=0  webv2 probes C-10ab2d8738 list --all --json
  ok repo-wide probes list --all --json: 6 axes
  ok blind init               exit=0  webv2 init --program VerifyP3Blind
  ok blind index              exit=0  webv2 index C-d9e0f09d03 --src /home/xand/Projects/dsh-plugins/websec2/web3sec-go/.worktrees/production-readiness/internal/probes/testdata/probes/assertion_strength/clean
  ok blind probes run         exit=0  webv2 probes C-d9e0f09d03 run
  ok blind probes list --all --json exit=0  webv2 probes C-d9e0f09d03 list --all --json
  axis accumulator-skew     status=no-sites sites=0   rows=0   blind=0
  axis enforcement-timing   status=blind    sites=4   rows=0   blind=5
  axis primitive-symmetry   status=no-sites sites=0   rows=0   blind=0
  axis liveness             status=no-sites sites=0   rows=0   blind=0
  axis guard-short-circuit  status=no-sites sites=0   rows=0   blind=0
  axis incentive-inversion  status=no-sites sites=0   rows=0   blind=0
  ok probes list --axis       exit=0  webv2 probes C-d9e0f09d03 list --axis enforcement-timing
  ok probes blank             exit=0  webv2 probes C-d9e0f09d03 blank --axis enforcement-timing --anchor-blind Rollup::commitBatch::batch:index --reason the cited key is the only write on this axis --actor smoke
  ok probes list (after blank) exit=0  webv2 probes C-d9e0f09d03 list --all
  ok probes run --emit        exit=0  webv2 probes C-10ab2d8738 run --emit
  ok probes run --emit again  exit=0  webv2 probes C-10ab2d8738 run --emit
  ok plan after emit          exit=0  webv2 plan C-10ab2d8738
  ok relations --rebuild      exit=0  webv2 relations C-10ab2d8738 --rebuild
  ok relations                exit=0  webv2 relations C-10ab2d8738
  ok resemble                 exit=0  webv2 resemble C-10ab2d8738 F-99db0a513cea
  ok corpus-surface           exit=0  webv2 corpus-surface C-10ab2d8738
  ok ladder start             exit=0  webv2 ladder C-10ab2d8738 start F-99db0a513cea
  ok ladder add               exit=0  webv2 ladder C-10ab2d8738 add F-99db0a513cea --name p3-dead-end --description drain the vault in one transaction --axes precondition-removal --capital 1 --ratio 1 --removes the timelock
  ok ladder disprove (happy)  exit=0  webv2 ladder C-10ab2d8738 disprove F-99db0a513cea R-1f0a17 --reason the removed timelock precondition is enforced by the guard
  ok memory                   exit=0  webv2 memory C-10ab2d8738
  ok memory --approve         exit=0  webv2 memory C-10ab2d8738 --approve MEM-f9219864 --by smoke
  ok memory (after approve)   exit=0  webv2 memory C-10ab2d8738
  ok publish                  exit=0  webv2 publish C-10ab2d8738 --actor smoke
  ok globalize --tier root    exit=0  webv2 globalize --actor smoke --tier root
  ok shared                   exit=0  webv2 shared
  ok shared --verify          exit=0  webv2 shared --verify
  ok brief                    exit=0  webv2 brief C-10ab2d8738
  ok brief --json             exit=0  webv2 brief C-10ab2d8738 --json
  ok brief --deep             exit=0  webv2 brief C-10ab2d8738 --deep
  ok report                   exit=0  webv2 report C-10ab2d8738
  ok recency                  exit=0  webv2 recency C-10ab2d8738 --target /home/xand/Projects/dsh-plugins/websec2/web3sec-go/.worktrees/production-readiness/.scratch/verify-p1/smoke3/campaigns/C-10ab2d8738/snapshots/src-4382e586-b868c7cd06e0/ --src /home/xand/Projects/dsh-plugins/websec2/web3sec-go/.worktrees/production-readiness/.scratch/verify-p1/smoke3/campaigns/C-10ab2d8738/snapshots/src-4382e586-b868c7cd06e0/
  ok recency --json           exit=0  webv2 recency C-10ab2d8738 --target /home/xand/Projects/dsh-plugins/websec2/web3sec-go/.worktrees/production-readiness/.scratch/verify-p1/smoke3/campaigns/C-10ab2d8738/snapshots/src-4382e586-b868c7cd06e0/ --src /home/xand/Projects/dsh-plugins/websec2/web3sec-go/.worktrees/production-readiness/.scratch/verify-p1/smoke3/campaigns/C-10ab2d8738/snapshots/src-4382e586-b868c7cd06e0/ --json
  ok baseline list (empty)    exit=0  webv2 baseline list
  ok forkdiff (no baselines)  exit=0  webv2 forkdiff C-10ab2d8738 --src /home/xand/Projects/dsh-plugins/websec2/web3sec-go/.worktrees/production-readiness/.scratch/verify-p1/smoke3/campaigns/C-10ab2d8738/snapshots/src-4382e586-b868c7cd06e0/
  ok baseline add             exit=0  webv2 baseline add smoke-baseline --path /home/xand/Projects/dsh-plugins/websec2/web3sec-go/.worktrees/production-readiness/.scratch/verify-p1/smoke3/campaigns/C-10ab2d8738/snapshots/src-4382e586-b868c7cd06e0/ --source-url https://example.invalid/smoke --license MIT
  ok baseline list            exit=0  webv2 baseline list
  ok forkdiff                 exit=0  webv2 forkdiff C-10ab2d8738 --src /home/xand/Projects/dsh-plugins/websec2/web3sec-go/.worktrees/production-readiness/.scratch/verify-p1/smoke3/campaigns/C-10ab2d8738/snapshots/src-4382e586-b868c7cd06e0/
  ok forkdiff --json          exit=0  webv2 forkdiff C-10ab2d8738 --src /home/xand/Projects/dsh-plugins/websec2/web3sec-go/.worktrees/production-readiness/.scratch/verify-p1/smoke3/campaigns/C-10ab2d8738/snapshots/src-4382e586-b868c7cd06e0/ --json
  ok baseline remove          exit=0  webv2 baseline remove smoke-baseline
  ok baseline list (after)    exit=0  webv2 baseline list
  ok cost model               exit=0  webv2 cost C-10ab2d8738 --kind model --amount 12.5 --trajectory code --actor smoke
  ok cost human-review        exit=0  webv2 cost C-10ab2d8738 --kind human-review --amount 40 --finding F-99db0a513cea --actor smoke
  ok yields                   exit=0  webv2 yields C-10ab2d8738
  ok price set                exit=0  webv2 price C-10ab2d8738 set ETH 3000 --source coingecko --as-of 2026-09-09T00:00:00+00:00 --actor smoke
  ok price table              exit=0  webv2 price C-10ab2d8738 table
  ok price-basis              exit=0  webv2 price-basis C-10ab2d8738 F-99db0a513cea PRC-ba6a884a
  ok env doctor               exit=1  webv2 env doctor
  ok env doctor --json        exit=0  webv2 env doctor --json
  ok doctor                   exit=0  webv2 doctor C-10ab2d8738
  ok doctor --json            exit=0  webv2 doctor C-10ab2d8738 --json
  ok run                      exit=3  webv2 run C-10ab2d8738
  ok complete guard           exit=2  webv2 complete C-10ab2d8738 --actor smoke --reason nope
  ok complete                 exit=0  webv2 complete C-10ab2d8738 --actor smoke --reason all smoke checks closed with evidence
  ok audit                    exit=0  webv2 audit C-10ab2d8738
  ok audit --json             exit=0  webv2 audit C-10ab2d8738 --json
  ok P3 smoke audit: 15 audit sections = 14 base + presence-gated ['price_table'], incl sequence_coverage
  ok verify                   exit=0  webv2 verify C-10ab2d8738
ok: P3 commands exercised, exit codes as documented

=== step 13/13: runbook walkthrough: every documented command matches the binary ===
  ok runbook-walkthrough (134+ rows green)
ok: runbook commands all match
note: docker e2e tiers live in scripts/p2-docker-e2e.sh and are NOT part
      of this gate — run them separately where the daemon is up

VERIFY-FULL GREEN: all 13 steps pass
